------------------------------------------------------------
Timing Analyzer Summary
------------------------------------------------------------

Type  : Slow 1100mV 85C Model Setup 'clk'
Slack : -0.516
TNS   : -2.490

Type  : Slow 1100mV 85C Model Hold 'clk'
Slack : 0.523
TNS   : 0.000

Type  : Slow 1100mV 85C Model Minimum Pulse Width 'clk'
Slack : -0.724
TNS   : -6.633

Type  : Slow 1100mV 0C Model Setup 'clk'
Slack : -0.584
TNS   : -2.983

Type  : Slow 1100mV 0C Model Hold 'clk'
Slack : 0.498
TNS   : 0.000

Type  : Slow 1100mV 0C Model Minimum Pulse Width 'clk'
Slack : -0.724
TNS   : -6.803

Type  : Fast 1100mV 85C Model Setup 'clk'
Slack : 0.382
TNS   : 0.000

Type  : Fast 1100mV 85C Model Hold 'clk'
Slack : 0.184
TNS   : 0.000

Type  : Fast 1100mV 85C Model Minimum Pulse Width 'clk'
Slack : -0.076
TNS   : -0.448

Type  : Fast 1100mV 0C Model Setup 'clk'
Slack : 0.408
TNS   : 0.000

Type  : Fast 1100mV 0C Model Hold 'clk'
Slack : 0.175
TNS   : 0.000

Type  : Fast 1100mV 0C Model Minimum Pulse Width 'clk'
Slack : -0.079
TNS   : -0.466

------------------------------------------------------------
